[38;2;215;215;215m[22m[24m[23m[38;2;215;135;175m[1m# Hello[38;2;215;215;215m[22m                                                                         
                                                                                
This is [1mbold[22m and this is [3mitalic[23m.                                                
                                                                                
- first bullet                                                                  
- second bullet                                                                 
- third bullet                                                                  
                                                                                
Visit [the docs](https://example.com/docs) for more.                            
                                                                                
[38;2;255;175;95m```go               
[38;2;215;215;215mfmt[38;2;255;175;95m[38;2;215;175;255m.[38;2;255;175;95m[38;2;215;215;215mPrintln[38;2;255;175;95m[38;2;215;175;255m([38;2;255;175;95m"hello"[38;2;215;175;255m)[38;2;255;175;95m[38;2;215;215;215m
[38;2;255;175;95m```                 
[38;2;215;215;215m                                                                                
[3m> A quote.                                                                      
[23m                                                                                
